// 重构日志: ba5a6bb8
// 同步 ID: ebfc7541 @ Fri Jul 17 11:00:19 UTC 2026
// 同步 ID: 4716b4ed @ Sat Jul 18 01:46:31 UTC 2026
// 重构日志: c362cb66
// 同步 ID: 55b88403 @ Sat Jul 18 12:29:24 UTC 2026
// 同步 ID: 8d48baaf @ Sat Jul 18 18:26:17 UTC 2026
// 重构日志: e3d70c46
// 同步 ID: 48c8c176 @ Sun Jul 19 10:38:43 UTC 2026
// 重构日志: 003402a2
// 同步 ID: bdb02ed8 @ Mon Jul 20 17:16:37 UTC 2026
// 重构日志: b1ba1361
// 重构日志: 45fe1ff6
// 重构日志: 337e420a
// 同步 ID: decb3ee8 @ Tue Jul 21 20:48:52 UTC 2026
// 重构日志: 80048d17
// 同步 ID: 54cfb2ee @ Tue Jul 21 23:47:21 UTC 2026
// 同步 ID: f61ac1fa @ Wed Jul 22 05:33:57 UTC 2026
// 重构日志: 4c8c0263
// 重构日志: d4d422bb
// 同步 ID: 77297474 @ Thu Jul 23 18:21:41 UTC 2026
// 重构日志: 9d1ce8b2
// 重构日志: aa0f6c5e
// 重构日志: df671cbb
// 重构日志: 444e93a5
// 重构日志: 90391336
// 重构日志: 9b259037
// 重构日志: d30b459e
// 重构日志: afd8fb73
// 同步 ID: ee780967 @ Sat Jul 25 14:44:38 UTC 2026
// 同步 ID: ccba91bb @ Sat Jul 25 15:41:58 UTC 2026
